// Jest Snapshot v1, https://goo.gl/fbAQLP

exports[`Grid should match snapshot 1`] = `
.c0 {
  display: inline-grid;
  max-width: 1440px;
  width: 100%;
  grid-template-columns: repeat(2,1fr);
  grid-template-rows: repeat(2,minmax(30px,100px));
  grid-column-gap: 10px;
  grid-row-gap: 20px;
}

@media (min-width:414px) {
  .c0 {
    max-width: 600px;
  }
}

@media (min-width:576px) {
  .c0 {
    max-width: 700px;
  }
}

@media (min-width:768px) {
  .c0 {
    max-width: 800px;
  }
}

@media (min-width:992px) {
  .c0 {
    max-width: 900px;
  }
}

@media (min-width:1200px) {
  .c0 {
    max-width: 1000px;
  }
}

<div>
  <div
    class="c0"
    data-test="test"
  >
    <div>
      1
    </div>
    <div>
      2
    </div>
    <div>
      3
    </div>
    <div>
      4
    </div>
  </div>
</div>
`;
